python : C:\Users\amcg
rean\AppData\Local\Pac
kages\PythonSoftwareFo
undation.Python.3.11_q
bz5n2kfra8p0\LocalCach
e\local-packages\Pytho
n311\site-packages\fla
sk_session\filesystem\
filesystem.py:75: 
DeprecationWarning: Fi
leSystemSessionInterfa
ce is deprecated and 
will be removed in a 
future release. 
Instead use the 
CacheLib backend 
directly.
At line:1 char:1
+ python scripts/test_
default_field_value.py
 > test_output.txt 
2>&1
+ ~~~~~~~~~~~~~~~~~~~~
~~~~~~~~~~~~~~~~~~~~~~
~~~~~~~~~~~~~~~~~~~~~~
~
    + CategoryInfo    
          : NotSpeci  
  fied: (C:\Users\a   
 mcgre...ckend dir    
ectly.:String) []    
, RemoteException
    + FullyQualifiedE 
   rrorId : NativeCo  
  mmandError
 
  warnings.warn(
C:\Users\amcgrean\AppD
ata\Local\Packages\Pyt
honSoftwareFoundation.
Python.3.11_qbz5n2kfra
8p0\LocalCache\local-p
ackages\Python311\site
-packages\PyPDF2\__ini
t__.py:21: 
DeprecationWarning: 
PyPDF2 is deprecated. 
Please move to the 
pypdf library instead.
  warnings.warn(
INFO:root:Checking 
authentication for 
route: main.index
INFO:root:User 
authenticated: True
Traceback (most 
recent call last):
  File "C:\Users\amcgr
ean\python\pa-bid-requ
est\scripts\test_defau
lt_field_value.py", 
line 84, in 
test_full_flow
    response = 
client.get('/add_bid')
               
^^^^^^^^^^^^^^^^^^^^^^
  File "C:\Users\amcgr
ean\AppData\Local\Pack
ages\PythonSoftwareFou
ndation.Python.3.11_qb
z5n2kfra8p0\LocalCache
\local-packages\Python
311\site-packages\werk
zeug\test.py", line 
1162, in get
    return 
self.open(*args, **kw)
           
^^^^^^^^^^^^^^^^^^^^^^
  File "C:\Users\amcgr
ean\AppData\Local\Pack
ages\PythonSoftwareFou
ndation.Python.3.11_qb
z5n2kfra8p0\LocalCache
\local-packages\Python
311\site-packages\flas
k\testing.py", line 
235, in open
    response = 
super().open(
               
^^^^^^^^^^^^^
  File "C:\Users\amcgr
ean\AppData\Local\Pack
ages\PythonSoftwareFou
ndation.Python.3.11_qb
z5n2kfra8p0\LocalCache
\local-packages\Python
311\site-packages\werk
zeug\test.py", line 
1116, in open
    response_parts = s
elf.run_wsgi_app(reque
st.environ, 
buffered=buffered)
                     ^
^^^^^^^^^^^^^^^^^^^^^^
^^^^^^^^^^^^^^^^^^^^^^
^^^^^^^^
  File "C:\Users\amcgr
ean\AppData\Local\Pack
ages\PythonSoftwareFou
ndation.Python.3.11_qb
z5n2kfra8p0\LocalCache
\local-packages\Python
311\site-packages\werk
zeug\test.py", line 
988, in run_wsgi_app
    rv = run_wsgi_app(
self.application, 
environ, 
buffered=buffered)
         ^^^^^^^^^^^^^
^^^^^^^^^^^^^^^^^^^^^^
^^^^^^^^^^^^^^^^^^^^^^
^
  File "C:\Users\amcgr
ean\AppData\Local\Pack
ages\PythonSoftwareFou
ndation.Python.3.11_qb
z5n2kfra8p0\LocalCache
\local-packages\Python
311\site-packages\werk
zeug\test.py", line 
1264, in run_wsgi_app
    app_rv = 
app(environ, 
start_response)
             ^^^^^^^^^
^^^^^^^^^^^^^^^^^^^
  File "C:\Users\amcgr
ean\AppData\Local\Pack
ages\PythonSoftwareFou
ndation.Python.3.11_qb
z5n2kfra8p0\LocalCache
\local-packages\Python
311\site-packages\flas
k\app.py", line 1498, 
in __call__
    return self.wsgi_a
pp(environ, 
start_response)
           ^^^^^^^^^^^
^^^^^^^^^^^^^^^^^^^^^^
^^^^^
  File "C:\Users\amcgr
ean\AppData\Local\Pack
ages\PythonSoftwareFou
ndation.Python.3.11_qb
z5n2kfra8p0\LocalCache
\local-packages\Python
311\site-packages\flas
k\app.py", line 1476, 
in wsgi_app
    response = self.ha
ndle_exception(e)
               ^^^^^^^
^^^^^^^^^^^^^^^^^
  File "C:\Users\amcgr
ean\AppData\Local\Pack
ages\PythonSoftwareFou
ndation.Python.3.11_qb
z5n2kfra8p0\LocalCache
\local-packages\Python
311\site-packages\flas
k\app.py", line 1473, 
in wsgi_app
    response = self.fu
ll_dispatch_request()
               ^^^^^^^
^^^^^^^^^^^^^^^^^^^^^
  File "C:\Users\amcgr
ean\AppData\Local\Pack
ages\PythonSoftwareFou
ndation.Python.3.11_qb
z5n2kfra8p0\LocalCache
\local-packages\Python
311\site-packages\flas
k\app.py", line 882, 
in 
full_dispatch_request
    rv = self.handle_u
ser_exception(e)
         ^^^^^^^^^^^^^
^^^^^^^^^^^^^^^^
  File "C:\Users\amcgr
ean\AppData\Local\Pack
ages\PythonSoftwareFou
ndation.Python.3.11_qb
z5n2kfra8p0\LocalCache
\local-packages\Python
311\site-packages\flas
k\app.py", line 880, 
in 
full_dispatch_request
    rv = self.dispatch
_request()
         ^^^^^^^^^^^^^
^^^^^^^^^^
  File "C:\Users\amcgr
ean\AppData\Local\Pack
ages\PythonSoftwareFou
ndation.Python.3.11_qb
z5n2kfra8p0\LocalCache
\local-packages\Python
311\site-packages\flas
k\app.py", line 865, 
in dispatch_request
    return self.ensure
_sync(self.view_functi
ons[rule.endpoint])(**
view_args)  # type: 
ignore[no-any-return]
           ^^^^^^^^^^^
^^^^^^^^^^^^^^^^^^^^^^
^^^^^^^^^^^^^^^^^^^^^^
^^^^^^^^^^
  File "C:\Users\amcgr
ean\AppData\Local\Pack
ages\PythonSoftwareFou
ndation.Python.3.11_qb
z5n2kfra8p0\LocalCache
\local-packages\Python
311\site-packages\flas
k_login\utils.py", 
line 290, in 
decorated_view
    return current_app
.ensure_sync(func)(*ar
gs, **kwargs)
           ^^^^^^^^^^^
^^^^^^^^^^^^^^^^^^^^^^
^^^^^^^^^^^^^
  File "C:\Users\amcgr
ean\python\pa-bid-requ
est\project\blueprints
\main\routes.py", 
line 1065, in add_bid
    return render_temp
late('add_bid.html', 
form=form, dynamic_fie
lds=dynamic_fields, cu
stomer_sales_rep_map=c
ustomer_sales_rep_map)
           ^^^^^^^^^^^
^^^^^^^^^^^^^^^^^^^^^^
^^^^^^^^^^^^^^^^^^^^^^
^^^^^^^^^^^^^^^^^^^^^^
^^^^^^^^^^^^^^^^^^^^^^
^^^^^^^^^^^^^^^^^^^^^
  File "C:\Users\amcgr
ean\AppData\Local\Pack
ages\PythonSoftwareFou
ndation.Python.3.11_qb
z5n2kfra8p0\LocalCache
\local-packages\Python
311\site-packages\flas
k\templating.py", 
line 150, in 
render_template
    return 
_render(app, 
template, context)
           ^^^^^^^^^^^
^^^^^^^^^^^^^^^^^^^^
  File "C:\Users\amcgr
ean\AppData\Local\Pack
ages\PythonSoftwareFou
ndation.Python.3.11_qb
z5n2kfra8p0\LocalCache
\local-packages\Python
311\site-packages\flas
k\templating.py", 
line 131, in _render
    rv = template.rend
er(context)
         ^^^^^^^^^^^^^
^^^^^^^^^^^
  File "C:\Users\amcgr
ean\AppData\Local\Pack
ages\PythonSoftwareFou
ndation.Python.3.11_qb
z5n2kfra8p0\LocalCache
\local-packages\Python
311\site-packages\jinj
a2\environment.py", 
line 1295, in render
    self.environment.h
andle_exception()
  File "C:\Users\amcgr
ean\AppData\Local\Pack
ages\PythonSoftwareFou
ndation.Python.3.11_qb
z5n2kfra8p0\LocalCache
\local-packages\Python
311\site-packages\jinj
a2\environment.py", 
line 942, in 
handle_exception
    raise rewrite_trac
eback_stack(source=sou
rce)
  File "C:\Users\amcgr
ean\python\pa-bid-requ
est\project\templates\
add_bid.html", line 
1, in top-level 
template code
    {% extends 
"base.html" %}
  File "C:\Users\amcgr
ean\python\pa-bid-requ
est\project\templates\
base.html", line 202, 
in top-level template 
code
    {% block content 
%}
  File "C:\Users\amcgr
ean\python\pa-bid-requ
est\project\templates\
add_bid.html", line 
300, in block 
'content'
    <option value="{{ 
option.strip() }}" {% 
if
    ^^^^^^^^^^^^^^^^^^
^^^^^^^
  File "C:\Users\amcgr
ean\AppData\Local\Pack
ages\PythonSoftwareFou
ndation.Python.3.11_qb
z5n2kfra8p0\LocalCache
\local-packages\Python
311\site-packages\jinj
a2\environment.py", 
line 490, in getattr
    return 
getattr(obj, 
attribute)
           ^^^^^^^^^^^
^^^^^^^^^^^^
jinja2.exceptions.Unde
finedError: 
'dynamic_values_map' 
is undefined
E
======================
======================
======================
====
ERROR: test_full_flow 
(__main__.TestDefaultV
alue.test_full_flow)
----------------------
----------------------
----------------------
----
Traceback (most 
recent call last):
  File "C:\Users\amcgr
ean\python\pa-bid-requ
est\scripts\test_defau
lt_field_value.py", 
line 84, in 
test_full_flow
    response = 
client.get('/add_bid')
               
^^^^^^^^^^^^^^^^^^^^^^
  File "C:\Users\amcgr
ean\AppData\Local\Pack
ages\PythonSoftwareFou
ndation.Python.3.11_qb
z5n2kfra8p0\LocalCache
\local-packages\Python
311\site-packages\werk
zeug\test.py", line 
1162, in get
    return 
self.open(*args, **kw)
           
^^^^^^^^^^^^^^^^^^^^^^
  File "C:\Users\amcgr
ean\AppData\Local\Pack
ages\PythonSoftwareFou
ndation.Python.3.11_qb
z5n2kfra8p0\LocalCache
\local-packages\Python
311\site-packages\flas
k\testing.py", line 
235, in open
    response = 
super().open(
               
^^^^^^^^^^^^^
  File "C:\Users\amcgr
ean\AppData\Local\Pack
ages\PythonSoftwareFou
ndation.Python.3.11_qb
z5n2kfra8p0\LocalCache
\local-packages\Python
311\site-packages\werk
zeug\test.py", line 
1116, in open
    response_parts = s
elf.run_wsgi_app(reque
st.environ, 
buffered=buffered)
                     ^
^^^^^^^^^^^^^^^^^^^^^^
^^^^^^^^^^^^^^^^^^^^^^
^^^^^^^^
  File "C:\Users\amcgr
ean\AppData\Local\Pack
ages\PythonSoftwareFou
ndation.Python.3.11_qb
z5n2kfra8p0\LocalCache
\local-packages\Python
311\site-packages\werk
zeug\test.py", line 
988, in run_wsgi_app
    rv = run_wsgi_app(
self.application, 
environ, 
buffered=buffered)
         ^^^^^^^^^^^^^
^^^^^^^^^^^^^^^^^^^^^^
^^^^^^^^^^^^^^^^^^^^^^
^
  File "C:\Users\amcgr
ean\AppData\Local\Pack
ages\PythonSoftwareFou
ndation.Python.3.11_qb
z5n2kfra8p0\LocalCache
\local-packages\Python
311\site-packages\werk
zeug\test.py", line 
1264, in run_wsgi_app
    app_rv = 
app(environ, 
start_response)
             ^^^^^^^^^
^^^^^^^^^^^^^^^^^^^
  File "C:\Users\amcgr
ean\AppData\Local\Pack
ages\PythonSoftwareFou
ndation.Python.3.11_qb
z5n2kfra8p0\LocalCache
\local-packages\Python
311\site-packages\flas
k\app.py", line 1498, 
in __call__
    return self.wsgi_a
pp(environ, 
start_response)
           ^^^^^^^^^^^
^^^^^^^^^^^^^^^^^^^^^^
^^^^^
  File "C:\Users\amcgr
ean\AppData\Local\Pack
ages\PythonSoftwareFou
ndation.Python.3.11_qb
z5n2kfra8p0\LocalCache
\local-packages\Python
311\site-packages\flas
k\app.py", line 1476, 
in wsgi_app
    response = self.ha
ndle_exception(e)
               ^^^^^^^
^^^^^^^^^^^^^^^^^
  File "C:\Users\amcgr
ean\AppData\Local\Pack
ages\PythonSoftwareFou
ndation.Python.3.11_qb
z5n2kfra8p0\LocalCache
\local-packages\Python
311\site-packages\flas
k\app.py", line 1473, 
in wsgi_app
    response = self.fu
ll_dispatch_request()
               ^^^^^^^
^^^^^^^^^^^^^^^^^^^^^
  File "C:\Users\amcgr
ean\AppData\Local\Pack
ages\PythonSoftwareFou
ndation.Python.3.11_qb
z5n2kfra8p0\LocalCache
\local-packages\Python
311\site-packages\flas
k\app.py", line 882, 
in 
full_dispatch_request
    rv = self.handle_u
ser_exception(e)
         ^^^^^^^^^^^^^
^^^^^^^^^^^^^^^^
  File "C:\Users\amcgr
ean\AppData\Local\Pack
ages\PythonSoftwareFou
ndation.Python.3.11_qb
z5n2kfra8p0\LocalCache
\local-packages\Python
311\site-packages\flas
k\app.py", line 880, 
in 
full_dispatch_request
    rv = self.dispatch
_request()
         ^^^^^^^^^^^^^
^^^^^^^^^^
  File "C:\Users\amcgr
ean\AppData\Local\Pack
ages\PythonSoftwareFou
ndation.Python.3.11_qb
z5n2kfra8p0\LocalCache
\local-packages\Python
311\site-packages\flas
k\app.py", line 865, 
in dispatch_request
    return self.ensure
_sync(self.view_functi
ons[rule.endpoint])(**
view_args)  # type: 
ignore[no-any-return]
           ^^^^^^^^^^^
^^^^^^^^^^^^^^^^^^^^^^
^^^^^^^^^^^^^^^^^^^^^^
^^^^^^^^^^
  File "C:\Users\amcgr
ean\AppData\Local\Pack
ages\PythonSoftwareFou
ndation.Python.3.11_qb
z5n2kfra8p0\LocalCache
\local-packages\Python
311\site-packages\flas
k_login\utils.py", 
line 290, in 
decorated_view
    return current_app
.ensure_sync(func)(*ar
gs, **kwargs)
           ^^^^^^^^^^^
^^^^^^^^^^^^^^^^^^^^^^
^^^^^^^^^^^^^
  File "C:\Users\amcgr
ean\python\pa-bid-requ
est\project\blueprints
\main\routes.py", 
line 1065, in add_bid
    return render_temp
late('add_bid.html', 
form=form, dynamic_fie
lds=dynamic_fields, cu
stomer_sales_rep_map=c
ustomer_sales_rep_map)
           ^^^^^^^^^^^
^^^^^^^^^^^^^^^^^^^^^^
^^^^^^^^^^^^^^^^^^^^^^
^^^^^^^^^^^^^^^^^^^^^^
^^^^^^^^^^^^^^^^^^^^^^
^^^^^^^^^^^^^^^^^^^^^
  File "C:\Users\amcgr
ean\AppData\Local\Pack
ages\PythonSoftwareFou
ndation.Python.3.11_qb
z5n2kfra8p0\LocalCache
\local-packages\Python
311\site-packages\flas
k\templating.py", 
line 150, in 
render_template
    return 
_render(app, 
template, context)
           ^^^^^^^^^^^
^^^^^^^^^^^^^^^^^^^^
  File "C:\Users\amcgr
ean\AppData\Local\Pack
ages\PythonSoftwareFou
ndation.Python.3.11_qb
z5n2kfra8p0\LocalCache
\local-packages\Python
311\site-packages\flas
k\templating.py", 
line 131, in _render
    rv = template.rend
er(context)
         ^^^^^^^^^^^^^
^^^^^^^^^^^
  File "C:\Users\amcgr
ean\AppData\Local\Pack
ages\PythonSoftwareFou
ndation.Python.3.11_qb
z5n2kfra8p0\LocalCache
\local-packages\Python
311\site-packages\jinj
a2\environment.py", 
line 1295, in render
    self.environment.h
andle_exception()
  File "C:\Users\amcgr
ean\AppData\Local\Pack
ages\PythonSoftwareFou
ndation.Python.3.11_qb
z5n2kfra8p0\LocalCache
\local-packages\Python
311\site-packages\jinj
a2\environment.py", 
line 942, in 
handle_exception
    raise rewrite_trac
eback_stack(source=sou
rce)
  File "C:\Users\amcgr
ean\python\pa-bid-requ
est\project\templates\
add_bid.html", line 
1, in top-level 
template code
    {% extends 
"base.html" %}
  File "C:\Users\amcgr
ean\python\pa-bid-requ
est\project\templates\
base.html", line 202, 
in top-level template 
code
    {% block content 
%}
  File "C:\Users\amcgr
ean\python\pa-bid-requ
est\project\templates\
add_bid.html", line 
300, in block 
'content'
    <option value="{{ 
option.strip() }}" {% 
if
    ^^^^^^^^^^^^^^^^^^
^^^^^^^
  File "C:\Users\amcgr
ean\AppData\Local\Pack
ages\PythonSoftwareFou
ndation.Python.3.11_qb
z5n2kfra8p0\LocalCache
\local-packages\Python
311\site-packages\jinj
a2\environment.py", 
line 490, in getattr
    return 
getattr(obj, 
attribute)
           ^^^^^^^^^^^
^^^^^^^^^^^^
jinja2.exceptions.Unde
finedError: 
'dynamic_values_map' 
is undefined

During handling of 
the above exception, 
another exception 
occurred:

Traceback (most 
recent call last):
  File "C:\Users\amcgr
ean\python\pa-bid-requ
est\scripts\test_defau
lt_field_value.py", 
line 113, in 
test_full_flow
    self.fail("Test 
raised an exception")
AssertionError: Test 
raised an exception

During handling of 
the above exception, 
another exception 
occurred:

Traceback (most 
recent call last):
  File "C:\Users\amcgr
ean\AppData\Local\Pack
ages\PythonSoftwareFou
ndation.Python.3.11_qb
z5n2kfra8p0\LocalCache
\local-packages\Python
311\site-packages\sqla
lchemy\engine\base.py"
, line 1967, in 
_exec_single_context
    self.dialect.do_ex
ecute(
  File "C:\Users\amcgr
ean\AppData\Local\Pack
ages\PythonSoftwareFou
ndation.Python.3.11_qb
z5n2kfra8p0\LocalCache
\local-packages\Python
311\site-packages\sqla
lchemy\engine\default.
py", line 941, in 
do_execute
    cursor.execute(sta
tement, parameters)
sqlite3.IntegrityError
: NOT NULL constraint 
failed: 
login_activity.user_id

The above exception 
was the direct cause 
of the following 
exception:

Traceback (most 
recent call last):
  File "C:\Users\amcgr
ean\python\pa-bid-requ
est\scripts\test_defau
lt_field_value.py", 
line 121, in 
test_full_flow
    
db.session.commit()
  File "C:\Users\amcgr
ean\AppData\Local\Pack
ages\PythonSoftwareFou
ndation.Python.3.11_qb
z5n2kfra8p0\LocalCache
\local-packages\Python
311\site-packages\sqla
lchemy\orm\scoping.py"
, line 597, in commit
    return 
self._proxied.commit()
           
^^^^^^^^^^^^^^^^^^^^^^
  File "C:\Users\amcgr
ean\AppData\Local\Pack
ages\PythonSoftwareFou
ndation.Python.3.11_qb
z5n2kfra8p0\LocalCache
\local-packages\Python
311\site-packages\sqla
lchemy\orm\session.py"
, line 2028, in commit
    trans.commit(_to_r
oot=True)
  File "<string>", 
line 2, in commit
  File "C:\Users\amcgr
ean\AppData\Local\Pack
ages\PythonSoftwareFou
ndation.Python.3.11_qb
z5n2kfra8p0\LocalCache
\local-packages\Python
311\site-packages\sqla
lchemy\orm\state_chang
es.py", line 139, in 
_go
    ret_value = 
fn(self, *arg, **kw)
                
^^^^^^^^^^^^^^^^^^^^
  File "C:\Users\amcgr
ean\AppData\Local\Pack
ages\PythonSoftwareFou
ndation.Python.3.11_qb
z5n2kfra8p0\LocalCache
\local-packages\Python
311\site-packages\sqla
lchemy\orm\session.py"
, line 1313, in commit
    
self._prepare_impl()
  File "<string>", 
line 2, in 
_prepare_impl
  File "C:\Users\amcgr
ean\AppData\Local\Pack
ages\PythonSoftwareFou
ndation.Python.3.11_qb
z5n2kfra8p0\LocalCache
\local-packages\Python
311\site-packages\sqla
lchemy\orm\state_chang
es.py", line 139, in 
_go
    ret_value = 
fn(self, *arg, **kw)
                
^^^^^^^^^^^^^^^^^^^^
  File "C:\Users\amcgr
ean\AppData\Local\Pack
ages\PythonSoftwareFou
ndation.Python.3.11_qb
z5n2kfra8p0\LocalCache
\local-packages\Python
311\site-packages\sqla
lchemy\orm\session.py"
, line 1288, in 
_prepare_impl
    
self.session.flush()
  File "C:\Users\amcgr
ean\AppData\Local\Pack
ages\PythonSoftwareFou
ndation.Python.3.11_qb
z5n2kfra8p0\LocalCache
\local-packages\Python
311\site-packages\sqla
lchemy\orm\session.py"
, line 4352, in flush
    
self._flush(objects)
  File "C:\Users\amcgr
ean\AppData\Local\Pack
ages\PythonSoftwareFou
ndation.Python.3.11_qb
z5n2kfra8p0\LocalCache
\local-packages\Python
311\site-packages\sqla
lchemy\orm\session.py"
, line 4487, in _flush
    with 
util.safe_reraise():
  File "C:\Users\amcgr
ean\AppData\Local\Pack
ages\PythonSoftwareFou
ndation.Python.3.11_qb
z5n2kfra8p0\LocalCache
\local-packages\Python
311\site-packages\sqla
lchemy\util\langhelper
s.py", line 146, in 
__exit__
    raise exc_value.wi
th_traceback(exc_tb)
  File "C:\Users\amcgr
ean\AppData\Local\Pack
ages\PythonSoftwareFou
ndation.Python.3.11_qb
z5n2kfra8p0\LocalCache
\local-packages\Python
311\site-packages\sqla
lchemy\orm\session.py"
, line 4448, in _flush
    flush_context.exec
ute()
  File "C:\Users\amcgr
ean\AppData\Local\Pack
ages\PythonSoftwareFou
ndation.Python.3.11_qb
z5n2kfra8p0\LocalCache
\local-packages\Python
311\site-packages\sqla
lchemy\orm\unitofwork.
py", line 466, in 
execute
    rec.execute(self)
  File "C:\Users\amcgr
ean\AppData\Local\Pack
ages\PythonSoftwareFou
ndation.Python.3.11_qb
z5n2kfra8p0\LocalCache
\local-packages\Python
311\site-packages\sqla
lchemy\orm\unitofwork.
py", line 642, in 
execute
    util.preloaded.orm
_persistence.save_obj(
  File "C:\Users\amcgr
ean\AppData\Local\Pack
ages\PythonSoftwareFou
ndation.Python.3.11_qb
z5n2kfra8p0\LocalCache
\local-packages\Python
311\site-packages\sqla
lchemy\orm\persistence
.py", line 85, in 
save_obj
    _emit_update_state
ments(
  File "C:\Users\amcgr
ean\AppData\Local\Pack
ages\PythonSoftwareFou
ndation.Python.3.11_qb
z5n2kfra8p0\LocalCache
\local-packages\Python
311\site-packages\sqla
lchemy\orm\persistence
.py", line 912, in _em
it_update_statements
    c = 
connection.execute(
        
^^^^^^^^^^^^^^^^^^^
  File "C:\Users\amcgr
ean\AppData\Local\Pack
ages\PythonSoftwareFou
ndation.Python.3.11_qb
z5n2kfra8p0\LocalCache
\local-packages\Python
311\site-packages\sqla
lchemy\engine\base.py"
, line 1418, in 
execute
    return meth(
           ^^^^^
  File "C:\Users\amcgr
ean\AppData\Local\Pack
ages\PythonSoftwareFou
ndation.Python.3.11_qb
z5n2kfra8p0\LocalCache
\local-packages\Python
311\site-packages\sqla
lchemy\sql\elements.py
", line 515, in 
_execute_on_connection
    return connection.
_execute_clauseelement
(
           ^^^^^^^^^^^
^^^^^^^^^^^^^^^^^^^^^^
^
  File "C:\Users\amcgr
ean\AppData\Local\Pack
ages\PythonSoftwareFou
ndation.Python.3.11_qb
z5n2kfra8p0\LocalCache
\local-packages\Python
311\site-packages\sqla
lchemy\engine\base.py"
, line 1640, in 
_execute_clauseelement
    ret = 
self._execute_context(
          
^^^^^^^^^^^^^^^^^^^^^^
  File "C:\Users\amcgr
ean\AppData\Local\Pack
ages\PythonSoftwareFou
ndation.Python.3.11_qb
z5n2kfra8p0\LocalCache
\local-packages\Python
311\site-packages\sqla
lchemy\engine\base.py"
, line 1846, in 
_execute_context
    return self._exec_
single_context(
           ^^^^^^^^^^^
^^^^^^^^^^^^^^^
  File "C:\Users\amcgr
ean\AppData\Local\Pack
ages\PythonSoftwareFou
ndation.Python.3.11_qb
z5n2kfra8p0\LocalCache
\local-packages\Python
311\site-packages\sqla
lchemy\engine\base.py"
, line 1986, in 
_exec_single_context
    self._handle_dbapi
_exception(
  File "C:\Users\amcgr
ean\AppData\Local\Pack
ages\PythonSoftwareFou
ndation.Python.3.11_qb
z5n2kfra8p0\LocalCache
\local-packages\Python
311\site-packages\sqla
lchemy\engine\base.py"
, line 2355, in _handl
e_dbapi_exception
    raise sqlalchemy_e
xception.with_tracebac
k(exc_info[2]) from e
  File "C:\Users\amcgr
ean\AppData\Local\Pack
ages\PythonSoftwareFou
ndation.Python.3.11_qb
z5n2kfra8p0\LocalCache
\local-packages\Python
311\site-packages\sqla
lchemy\engine\base.py"
, line 1967, in 
_exec_single_context
    self.dialect.do_ex
ecute(
  File "C:\Users\amcgr
ean\AppData\Local\Pack
ages\PythonSoftwareFou
ndation.Python.3.11_qb
z5n2kfra8p0\LocalCache
\local-packages\Python
311\site-packages\sqla
lchemy\engine\default.
py", line 941, in 
do_execute
    cursor.execute(sta
tement, parameters)
sqlalchemy.exc.Integri
tyError: (sqlite3.Inte
grityError) NOT NULL 
constraint failed: 
login_activity.user_id
[SQL: UPDATE 
login_activity SET 
user_id=? WHERE 
login_activity.id = ?]
[parameters: (None, 
22)]
(Background on this 
error at: https://sqla
lche.me/e/20/gkpj)

----------------------
----------------------
----------------------
----
Ran 1 test in 1.004s

FAILED (errors=1)
Beginning Test Setup...
Created User: test_def_iegjfn
Created Field: Test Default Field iegjfn with ID: 44
DEBUG: selected_branch_id = 1
DEBUG: Found 43 sales reps (users) for branch 1
DEBUG: Final Sales Rep Choices: ['andyj', 'andyj', 'benr', 'benr', 'bevw', 'bevw', 'bradf', 'davea', 'davel', 'deanl', 'denniso', 'dustye', 'emmar', 'ethans', 'garretp', 'jacobw', 'kevinv', 'lancev', 'leer', 'markg', 'markt', 'maryh', 'mattb', 'matth', 'mikeb', 'mikes', 'mikew', 'pauln', 'peter', 'pj', 'reedh', 'robw', 'sarab', 'shanel', 'stevek', 'stevet', 'test_rep_user', 'timc', 'timh', 'tj', 'tomn', 'wesh', 'zacl']
Teardown...
